
------Commercial building population has identified 95 potential commercial buildings------
User feeder not defined, using taxonomy feeder R1-12.47-2.glm
Average House size: 4.5 kVA
Results in a populated feeder with:
    4 small loads totaling 8.90 kVA
    544 houses added to 247 transformers
    348 single family homes, 182 apartments, and 14 mobile homes
Average Commercial Building size: 30.0 kVA
Results in a populated feeder with:
    84 commercial loads identified, 13 buildings added, approximately 3600 kVA still to be assigned.
      3 med/small offices with 3 floors, 5 zones each: 45 total office zones
      0 warehouses,
      2 big box retail with 6 zones each: 12 total big box zones
      0 strip malls,
      1 education,
      2 food service,
      1 food sales,
      0 lodging,
      0 healthcare,
      2 low occupancy,
      2 streetlights
DER added:27 PV with combined capacity of 121.1 kW; 6 batteries with combined capacity of 84.5 kWh; and 15 EV chargers
